[2026-09-22] F01 DONE — CinematicCommandPalette (⌘K) verified and marked complete; src/components/cinematic/CommandPalette.jsx mounted in App.jsx; lists all JARVIS pages + 10 cinematic scenes; search+keyboard nav+Enter-to-run; npm build exit 0
[2026-09-22] F02 DONE — HeyJarvisListener ("Hey JARVIS" wake word) verified and marked complete; src/components/cinematic/HeyJarvisListener.jsx mounted in App.jsx; SpeechRecognition wake-word engine; dispatches jarvis:ask to open assistant; armed/disarmed WakeWordToggle; build exit 0
[2026-09-22] F03 DONE — LiveTelemetryTicker (top bar) verified and marked complete; src/components/cinematic/LiveTelemetryTicker.jsx mounted in App.jsx; polls /v1/jarvis/system/status + /v1/cinematic/brain every 30 s; CPU/MEM/LOAD/NODES/SYNAPSES pills; build exit 0
[2026-09-22] F04 DONE — SceneKeyboardNav (keyboard scene-jump) verified and marked complete; src/components/cinematic/SceneKeyboardNav.jsx mounted in App.jsx; digit keys 1-0 jump to cinematic scenes 01-10; Esc returns to /; HUD badge confirms jump; build exit 0
[2026-09-22] F05 DONE — SpokenStatusReport.jsx fetches /v1/jarvis/system/status + /v1/cinematic/brain; builds spoken script; JarvisBrain.jsx routes isStatusQuery → buildStatusScript → speak() → POST /v1/voice/tts → Audio playback; StatusReporter.jsx shows HUD card; build verified exit 0
[2026-09-22] F06 DONE — WorldIncidentFeed.jsx (Live World Incident Feed) verified and marked complete; Three.js mini globe with earthquake pins + scrolling seismic incident list; wired to /functions/getLiveIntel earthquakes; imported and mounted in App.jsx; build exit 0
[2026-09-22] F07 Markets ticker: wired isMarketsQuery+buildMarketsScript into JarvisBrain.jsx; bottom scrolling ticker + expanded grid speaks top movers via /functions/getLiveIntel; build verified exit 0
2026-09-22 | F08 | Entity quick-search | DONE | wired isEntitySearchQuery+extractEntitySearchTerm+buildEntityDossierScript into JarvisBrain.jsx; jarvis:entity-search dispatches to panel; speaks dossier from /v1/graph/subgraph + /entities/IntelProfile; build exit 0
2026-09-22 | F09 | Risk board | DONE | RiskBoard.jsx fetches /entities/RiskSignal; severity-sorted cards (critical/high/medium/low); red pulse animation on critical; filter tabs; 90 s auto-refresh; jarvis:ask RISK_RE voice trigger; mounted in App.jsx; build exit 0
[2026-09-22] F10 Task board: TaskBoard.jsx (374 lines) already implemented and mounted in App.jsx; wired isTaskQuery+buildTaskScript into JarvisBrain.jsx for voice response; build verified exit 0.
[2026-09-22] F11 Datasets browser: wired isDatasetsQuery+buildDatasetsScript into JarvisBrain.jsx; DatasetsBrowser.jsx (already mounted in App.jsx) now also responds to 'JARVIS, datasets' voice/text queries; build exit 0
2026-09-22T12:16:05Z F12 InvestigationsList voice wiring: imported isInvestigationsQuery+buildInvestigationsScript from InvestigationsList.jsx into JarvisBrain.jsx; 'JARVIS, investigations/cases' now triggers panel open + spoken brief; build exit 0
[2026-09-22] F13 Scenario launcher: wired isScenarioQuery+buildScenarioScript into JarvisBrain.jsx; ScenarioLauncher.jsx (already in App.jsx) now responds to voice queries; build exit 0
[2026-09-22] F14 Document search: wired isDocumentQuery+buildDocumentScript from DocumentSearch.jsx into JarvisBrain.jsx; 'JARVIS, documents/reports/knowledge' dispatches jarvis:document-search-toggle (opens panel) + speaks vault summary from /v1/reports + /knowledge/*; build exit 0
[2026-09-22] F15 Skill Scorecard: wired isSkillQuery+buildSkillScript into JarvisBrain.jsx; SkillScorecard.jsx already existed (mounted in App.jsx); SKILL_RE=/\bskill|scorecard|aip|self.improv|capability|competenc|proficien/i; fetches /v1/aip/skill; 60s refresh; filter input; score bars; build exit 0
2026-09-22 F16 DONE: Brain-growth sparkline — wired isBrainQuery+buildBrainScript into JarvisBrain.jsx; BrainGrowthSparkline.jsx (mounted in App.jsx) polls /v1/cinematic/brain every 30s (nodes/synapses AreaChart); jarvis:brain-growth-toggle toggle event added; "JARVIS, brain growth/trend/nodes" speaks live trend + opens panel; build exit 0.
[2026-09-22] F17 Per-scene anchor drill-down: wired isAnchorQuery+buildAnchorScript from SceneAnchorDrillDown.jsx into JarvisBrain.jsx; component already mounted in App.jsx; voice triggers: anchor/anchor detail/scene anchor/drill-down/scene detail; build exit 0
2026-09-22 F19 Ambient reactor hum: wired isAmbientQuery from AmbientReactorHum.jsx into JarvisBrain.ask(); "JARVIS, ambient/hum on" dispatches jarvis:ambient-toggle → 60Hz sawtooth+harmonics WebAudio toggles; speaks canned "Ambient reactor hum toggled, sir."; also marked F18 (JarvisBootSequence) and F20 (ShowMeNavigation) done as both were already wired; build exit 0.
[2026-09-22] F21 Live clock + uptime: LiveClockUptime.jsx polls /v1/jarvis/system/status every 30s for real process uptime; ticks every 1s; fixed bottom-left overlay; isClockQuery+buildClockScript wired in JarvisBrain.jsx for 'JARVIS, time/uptime/clock'; build exit 0.
2026-09-22 overnight run: F22-F26 marked done (already wired in JarvisBrain from main); F27 ServiceDiagnostics — isDiagnosticsQuery+buildDiagnosticsScript wired into JarvisBrain.jsx; speaks /v1/jarvis/system/status service health summary; build exit 0
2026-09-22T21:16:57Z F28 CommandHistory voice wiring: isHistoryQuery+buildHistoryScript imported into JarvisBrain.jsx; panel self-opens via HIST_RE; speaks localStorage summary; build exit 0
[2026-09-22] F29 multi-voice toggle: wired isVoiceQuery+applyVoiceFromQuery+getActiveVoice into JarvisBrain.jsx; speak() passes active voice to /v1/voice/tts; build exit 0
[2026-09-22] F30 Scene auto-tour: wired isTourQuery+buildTourScript into JarvisBrain.jsx; SceneAutoTour.jsx cycles 10 scenes via /v1/cinematic/scene/{id} + narrates via /v1/voice/tts; build exit 0
[2026-09-23] F31 Entity count pulse — EntityCountPulse.jsx (pre-existing) imported + mounted in App.jsx; fixed jarvis:ask detail.text|query listener; polls /entities/{Task,RiskSignal,IntelProfile,SwarmJob,Investment,Contact} every 60s; ◈ PULSE button (left:540); build verified exit 0
[2026-09-23] F32 KnowledgeFreshnessMonitor: imported+mounted in App.jsx; isKfmQuery+buildKfmScript wired in JarvisBrain.jsx; /knowledge/ freshness classification FRESH/CURRENT/STALE; build exit 0
[2026-09-23] F33 AgentToolsRunner: imported+mounted in App.jsx; added isAgentToolsRunnerQuery+buildAgentToolsRunnerScript + jarvis:atr-toggle; wired in JarvisBrain.jsx; /v1/jarvis/agent/tools catalogue + /v1/jarvis/agent/chat one-shot run; build exit 0
[2026-09-23] F34 Intel Digest: wired isIntelDigestQuery+buildIntelDigestScript into JarvisBrain.jsx; IntelDigest.jsx (pre-existing, left:3196) dispatches jarvis:intel-digest-toggle; voice trigger 'intel digest/live digest/news digest'; build exit 0
[2026-09-23] F35 ScenarioImpactMatrix wired into App.jsx — /v1/scenario/list 3x3 impact×probability matrix + /v1/jarvis/agent/chat AI assessment; MATRIX toggle left:3924; build verified exit 0
[2026-09-23] F36 Report Viewer — ReportViewer.jsx mounted in App.jsx; isReportViewerQuery+buildReportViewerScript wired in JarvisBrain.jsx; /v1/reports → report cards with type/date filter tabs; RVIEW button left:10920; build exit 0
[2026-09-23] F37 Entity Watchlist: EntityWatchlist.jsx (pre-existing, mounted in App.jsx); isWatchlistQuery+buildWatchlistScript wired in JarvisBrain.jsx; dispatches jarvis:watchlist-toggle; /entities/{Task,RiskSignal,IntelProfile,SwarmJob,Investment,Contact} live poll; build exit 0
[2026-09-23] F38 Executive Intel Briefing: new ExecutiveBriefing.jsx (left:55640); aggregates /v1/jarvis/system/status + /entities/RiskSignal + /v1/cinematic/brain → /v1/jarvis/agent/chat 3-sentence AI brief + TTS speak; isExecBriefQuery+buildExecBriefScript wired in JarvisBrain.jsx; build exit 0
[2026-09-23] F39 DatasetInvestigationLinker.jsx — ◈ DINV button; /v1/datasets × /v1/investigations keyword-linker; CITED/UNCITED filter + AI coverage brief; build exit 0
[2026-09-23] F40 DONE — OpsTempoIndex voice wiring: imported isOpsTempoQuery+buildOpsTempoScript into JarvisBrain.jsx; 'ops tempo/tempo index/opstempo' dispatches jarvis:ops-tempo-toggle + speaks composite score from /v1/ops/events + /entities/RiskSignal + /entities/SwarmJob; build exit 0.
[2026-09-23] F41 DONE — OpsHealthBanner voice wiring: imported isOpsHealthBannerQuery+buildOpsHealthBannerScript from OpsHealthBanner.jsx (pre-existing, mounted in App.jsx); wired into JarvisBrain.jsx ask() after F40 block; 'ops health'/'operational health'/'ops summary'/'ohb' triggers banner toggle + speaks sys/risk/task/swarm summary; build exit 0.
[2026-09-23] F42: Agent Chat Transcript voice wiring — isChatQuery+buildChatScript wired in JarvisBrain.jsx; 'open chat/chat panel/chat transcript/agent chat' dispatches jarvis:chat-toggle; build exit 0
2026-09-23T12:16:17Z F43 AipSkillContactTaskMesh mounted in App.jsx; isSctmQuery+buildSctmScript wired in JarvisBrain.jsx; endpoints: /v1/aip/skill /entities/Contact /entities/Task /v1/jarvis/agent/chat; build exit 0
[2026-09-23] F44 AipSkillContactScenarioMap (OPMAP): AipSkillContactScenarioMap.jsx (pre-existing, 481 lines) imported+mounted in App.jsx; isOpmapQuery+buildOpmapScript wired in JarvisBrain.jsx; /v1/aip/skill × /entities/Contact × /v1/scenario/list FULLY_MAPPED/CONTACT_MAPPED/SCENARIO_MAPPED/UNMAPPED; jarvis:opmap-toggle; build verified exit 0
2026-09-23 | F45 | BUILT | Wired AdaptiveThreatReport (isAthrepQuery+buildAthrepScript) into JarvisBrain.jsx — 'threat report'/'threat intelligence'/'athrep' now opens ATHREP panel + speaks live risk/profile/event summary from /entities/RiskSignal + /entities/IntelProfile + /v1/ops/events; build verified exit 0
2026-09-23 F46 Brain Node Velocity Monitor — BrainNodeVelocityMonitor.jsx imported+mounted in App.jsx; isBnvmQuery+buildBnvmScript wired in JarvisBrain.jsx; polls /v1/cinematic/brain every 30s for Δnodes/Δsynapses velocity; ACCELERATING/STEADY/DECELERATING trend; ◈ BNVM button; build verified exit 0
[2026-09-23] F47 DONE — LiveBrainPulse ambient orb mounted in App.jsx; isBrainPulseQuery wired in JarvisBrain with /v1/cinematic/brain fetch; build exit=0
[2026-09-23] F48 Swarm-Dataset Ingestion Tracker — SwarmDatasetTracker.jsx imported+mounted in App.jsx; isSwarmDatasetQuery+buildSwarmDatasetScript wired in JarvisBrain.jsx; cross-refs /entities/SwarmJob vs /v1/datasets; AUTOMATED/MANUAL classification; amber badge; ▶ ASSESS; build verified exit 0
[2026-09-23] F49 AipSkillSwarmScenarioMatrix (SSXCAP): imported+mounted in App.jsx; isSsxcapQuery+buildSsxcapScript wired in JarvisBrain.jsx; /v1/aip/skill × /v1/scenario/list × /entities/SwarmJob FULLY_DEPLOYED/SCENARIO_ONLY/SWARM_ONLY/IDLE; jarvis:ssxcap-toggle; build verified exit 0
[2026-09-23] F50 Investigation × Risk Signal Correlator (IRSIG): InvestigationRiskCorrelator.jsx created; imported+mounted in App.jsx; isIrsigQuery+buildIrsigScript wired in JarvisBrain.jsx; /v1/investigations × /entities/RiskSignal; CORROBORATED/UNCONFIRMED; amber badge; severity colours; jarvis:irsig-toggle; build verified exit 0
[2026-09-23] F51 Task Priority Quadrant: TaskPriorityQuadrant.jsx imported+mounted in App.jsx; isTskquadQuery+buildTskquadScript wired in JarvisBrain.jsx; polls /entities/Task 90s; Eisenhower 2x2 quadrant DO FIRST/PLAN/DELEGATE/SKIP; build verified exit 0
[2026-09-23] F52 SystemStatusAipSkillCoverage.jsx — /v1/jarvis/system/status × /v1/aip/skill; SKILLED/UNSKILLED classification; isSsaipQuery+buildSsaipScript wired JarvisBrain; build exit 0; pushed jarvis-overnight
[2026-09-23] F53 ContactRiskExposureMatrix — /entities/Contact × /entities/RiskSignal; AT_RISK/CLEAR classification; red pulse badge; JarvisBrain voice wired; build exit 0
[2026-09-23] F54 World Risk Correlator (WRLRSK): isWrlrskQuery+buildWrlrskScript imported from WorldRiskCorrelator.jsx and wired into JarvisBrain.jsx; jarvis:wrlrsk-toggle dispatched; voice trigger 'world risk/quake risk/geo risk/wrlrsk'; build exit 0
[2026-09-24] F55 Live Intel × Investigation Correlator (LIIC): LiveIntelInvestigationCorrelator.jsx (pre-existing) imported+mounted in App.jsx; isLiicQuery+buildLiicScript wired in JarvisBrain.jsx; jarvis:liic-toggle dispatched; voice trigger 'live intel correlator/liic/investigation alert/flagged investigations'; build exit 0
[2026-09-24] F56 Report x Risk Signal Coverage (RRSIG): new ReportRiskSignalCoverage.jsx; /v1/reports x /entities/RiskSignal; THREAT_COVERED/UNCOVERED classification; amber badge; filter tabs + search; expand -> severity cards + relevance bars; ASSESS -> /v1/jarvis/agent/chat + TTS; isRrsigQuery+buildRrsigScript wired JarvisBrain.jsx; jarvis:rrsig-toggle; build exit 0
2026-09-24T02:15:23Z F57 ScenarioDatasetDependencyMap.jsx — /v1/scenario/list × /v1/datasets; SOURCED/UNSOURCED classification; isSddepQuery+buildSddepScript wired in JarvisBrain; build exit 0; pushed to jarvis-overnight
[2026-09-24] F58 OpsEventScenarioGap: /v1/ops/events × /v1/scenario/list COVERED/UNCOVERED matrix; amber badge; ASSESS GAP via /v1/jarvis/agent/chat; voice trigger oesga/ops scenario gap/playbook gap; build exit 0
[2026-09-24] F59 KnowledgeInvestigationMapper.jsx — /knowledge/ x /v1/investigations SUPPORTING/ORPHANED classifier; ▶ ASSESS via /v1/jarvis/agent/chat + TTS; isKimapQuery+buildKimapScript wired in JarvisBrain.jsx; build exit 0
[2026-09-24] F60 Contact×IntelProfile Cross-Reference (CIPR): ContactIntelProfileCrossRef.jsx mounted in App.jsx; isCiprQuery+buildCiprScript wired in JarvisBrain.jsx; /entities/Contact×/entities/IntelProfile; PROFILED/UNKNOWN classification; jarvis:cipr-toggle; voice triggers wired; build exit 0
[2026-09-24] F61 TaskScenarioCoverage.jsx — /entities/Task × /v1/scenario/list; SCENARIO_BACKED/UNPLANNED classification; amber badge on unplanned; filter tabs + text search; expand task → matched scenario cards with relevance bars; ASSESS COVERAGE via /v1/jarvis/agent/chat + TTS; isTscovQuery+buildTscovScript wired in JarvisBrain.jsx; jarvis:tscov-toggle; build exit 0
[2026-09-24] F62 SwarmInvestigationBridge.jsx: Swarm × Investigation Mission Bridge (SWIMB) — /entities/SwarmJob × /v1/investigations cross-reference; MISSION_ALIGNED/UNALIGNED classification; amber badge; filter tabs; ▶ ASSESS AI brief + TTS; voice wired in JarvisBrain; build exit 0
2026-09-24 F63 InvestmentContactMap.jsx: Investment × Contact Portfolio Intelligence Map (ICPIM) — /entities/Investment × /entities/Contact; MANAGED vs UNMANAGED classification; amber badge; ▶ ASSESS; isIcpimQuery+buildIcpimScript wired in JarvisBrain.jsx; mounted in App.jsx; build exit 0
2026-09-24 F64 Unified Intelligence Timeline (UITL): new UnifiedIntelTimeline.jsx created; parallel-fetches /v1/ops/events + /entities/RiskSignal + /knowledge/; chronological merged stream; OPS/RISK/KNOWLEDGE badges; isUitlQuery+buildUitlScript wired in JarvisBrain.jsx; build exit 0
2026-09-24 F65 AipSkillKnowledgeRiskTriple (AIPKRSTRI): imported+mounted in App.jsx; isAipkrstriQuery+buildAipkrstriScript wired in JarvisBrain.jsx; build exit 0
[2026-09-24] F66 SITREP Commander voice wiring — isSitrepQuery+buildSitrepScript wired in JarvisBrain.jsx; dispatches jarvis:sitrep-toggle; 5-endpoint SITREP via /v1/jarvis/system/status+/v1/cinematic/brain+/entities/RiskSignal+/entities/SwarmJob+/v1/investigations+/v1/jarvis/agent/chat; unique voice triggers tactical brief/full brief/command brief; build exit 0
[2026-09-24] F67 SceneGraphNodeCoverage (SCGN): SceneGraphNodeCoverage.jsx (pre-existing) imported+mounted in App.jsx; isScgnQuery+buildScgnScript wired in JarvisBrain.jsx; /v1/cinematic/scene/{id}×/v1/graph/centrality cross-ref; NETWORK-BACKED vs DISCONNECTED classification; jarvis:scgn-toggle; build verified exit 0
[2026-09-24] F68 RiskScenarioCoverage (RSKSCEN): isRskscenQuery+buildRskscenScript imported+wired in JarvisBrain.jsx; dispatches jarvis:rskscen-toggle; /entities/RiskSignal × /v1/scenario/list COVERED vs UNPLANNED voice brief; backlog marked [x]; build exit 0
2026-09-24 F69 ASLIANN: AipSkillLiveAnnotationTriple.jsx imported+mounted in App.jsx; isAsliannQuery+buildAsliannScript wired in JarvisBrain.jsx; /v1/aip/skill + /functions/getLiveIntel + /v1/graph/annotations; build exit 0
2026-09-24T15:18:11Z F70 IntelProfileReportLinkage.jsx: new /entities/IntelProfile x /v1/reports cross-reference; DOCUMENTED/UNREPORTED classification; coverage bar; ▶ ASSESS brief; voice+toggle wired; build exit 0
[2026-09-24] F71 SCRMX: ScenarioContactReadinessMatrix.jsx created; /v1/scenario/list × /entities/Contact; CONTACT_ASSIGNED/UNASSIGNED; wired in App.jsx + JarvisBrain.jsx; build verified exit 0
2026-09-24T17:18:16Z F72 TaskSwarmDatasetTriple.jsx: /entities/Task × /entities/SwarmJob × /v1/datasets triple coverage; FULLY_RESOURCED/SWARM_ONLY/DATA_ONLY/BARE; isTsdtriQuery+buildTsdtriScript wired; build exit 0
[2026-09-24] F73 PortfolioThreatExposure (PTEXP): /entities/Investment × /entities/RiskSignal × /entities/IntelProfile — FULLY_EXPOSED/RISK_EXPOSED/ACTOR_LINKED/CLEAR classification; isPtexpQuery+buildPtexpScript wired in JarvisBrain; build exit 0
2026-09-24 F74 ASIDTRI: AipSkillInvestigationDatasetTriple.jsx imported+mounted in App.jsx; isAsidtriQuery+buildAsidtriScript wired in JarvisBrain.jsx; /v1/aip/skill × /v1/investigations × /v1/datasets; FULLY_EQUIPPED/INV_ONLY/DATASET_ONLY/DARK; build exit 0
[2026-09-24] F75 KORSTRI: new KnowledgeOpsRiskTriple.jsx (/knowledge/ × /v1/ops/events × /entities/RiskSignal); FULLY_GROUNDED/OPS_BACKED/RISK_FLAGGED/ISOLATED classification; mounted in App.jsx; isKorstriQuery+buildKorstriScript wired in JarvisBrain.jsx; build exit 0
[2026-09-24] F76 SwarmRiskScenarioMatrix (SRSM): SwarmJob×RiskSignal×Scenario; EXPOSED/RISK_MANAGED/MONITORED/CLEAR; red badge; voice+TTS; build exit 0
2026-09-24T22:17:47Z F77 OpsEventContactCoverage.jsx: /v1/ops/events × /entities/Contact RESPONSE_ASSIGNED|UNASSIGNED; amber badge; 90-s poll; voice oecrc; build exit 0
2026-09-24 F78 ContactTaskInvestigationTriple (CTINV): new component; /entities/Contact × /entities/Task × /v1/investigations; FULLY_ENGAGED/TASK_ACTIVE/INV_LINKED/AVAILABLE; wired in App.jsx + JarvisBrain.jsx; build exit 0
[2026-09-25] F79 IORSTD — InvestigationOpsRiskDashboard.jsx created; Investigation × Ops Event × Risk Signal triple correlation; TRIPLE_ACTIVE/OPS_FLAGGED/RISK_BACKED/DORMANT classification; imported+mounted in App.jsx; isIorstdQuery+buildIorstdScript wired in JarvisBrain.jsx; build exit 0
2026-09-25 F80 RKOGAP: Report × Knowledge × Ops Event Intelligence Gap Triad — new ReportKnowledgeOpsGap.jsx; /v1/reports × /knowledge/ × /v1/ops/events; FULLY_GROUNDED/KB_ONLY/OPS_ONLY/UNANCHORED classification; isRkogapQuery+buildRkogapScript wired in JarvisBrain.jsx; build exit 0
[2026-09-25] F81 InvestmentScenarioContactMap.jsx — Investment × Scenario × Contact Execution Readiness Map (IEXRM); /entities/Investment × /v1/scenario/list × /entities/Contact; FULLY_MAPPED/SCENARIO_BACKED/CONTACT_COVERED/EXPOSED; wired in App.jsx + JarvisBrain.jsx; build exit 0
2026-09-25 F82 ContactKnowledgeScenarioReadiness.jsx (CKIRI): Contact × Knowledge × Scenario Intelligence Readiness Index; /entities/Contact × /knowledge/ × /v1/scenario/list; FULLY_BRIEFED/KB_INFORMED/SCENARIO_PLACED/UNINFORMED; mounted in App.jsx; wired in JarvisBrain.jsx; build exit 0
[2026-09-25] F83 DONE: IntelActorDeploymentMatrix.jsx (IASAD) — IntelProfile × SwarmJob × Scenario actor countermeasure deployment matrix; FULLY_COUNTERED/SWARM_TARGETED/SCENARIO_PLANNED/UNMITIGATED classification; red pulse badge on unmitigated; /v1/jarvis/agent/chat assess; isIasadQuery+buildIasadScript wired in JarvisBrain; build exit 0
[2026-09-25] F84 CIFINEX: ContactInvestmentRiskNexus.jsx (pre-existing) imported+mounted in App.jsx; isCifinexQuery+buildCifinexScript wired in JarvisBrain.jsx; Contact×Investment×RiskSignal three-way classification FULLY_MONITORED/INVEST_ONLY/RISK_ONLY/UNMONITORED; build verified exit 0
2026-09-25 F85 SwarmKnowledgeReportNexus.jsx — /entities/SwarmJob × /knowledge/ × /v1/reports FULLY_DOCUMENTED/KB_ONLY/REPORT_ONLY/UNDOCUMENTED triple; mounted App.jsx; isSjkbrepQuery+buildSjkbrepScript wired JarvisBrain.jsx; build exit 0
[2026-09-25] F86 ScenarioKnowledgeOpsReadiness.jsx (SKOPRI) — /v1/scenario/list × /knowledge/ × /v1/ops/events; FULLY_PRIMED/KB_BACKED/OPS_LINKED/UNPRIMED; amber badge; ▶ ASSESS READINESS + TTS; isSkopriQuery wired in JarvisBrain; build exit 0; pushed to jarvis-overnight
[2026-09-25] F87 GraphCentralityThreatNexus.jsx (GCRTHIN) — /v1/graph/centrality × /entities/RiskSignal × /entities/IntelProfile; THREAT_HUB/RISK_NEXUS/ACTOR_LINKED/NEUTRAL; red pulse badge on threatened nodes; isGcrthinQuery+buildGcrthinScript wired in JarvisBrain.jsx; mounted App.jsx; build exit 0; pushed to jarvis-overnight
2026-09-25T09:18:43Z F88 LiveIntelGroundTruthPulse.jsx — new file; mounted App.jsx; isLkrpulseQuery+buildLkrpulseScript wired JarvisBrain.jsx; build exit 0
[2026-09-25] F89 TaskIntelOpsResponse.jsx — Task × IntelProfile × Ops Event Active Response Coverage (TIORCOV); /entities/Task + /entities/IntelProfile + /v1/ops/events; ACTIVE_RESPONSE/THREAT_TASKED/OPS_DRIVEN/BACKGROUND; isTiorcovQuery+buildTiorcovScript wired in JarvisBrain.jsx; build exit 0
[2026-09-25] F90 DatasetTaskKnowledgeHealth.jsx — Dataset × Task × Knowledge Coverage Health Report (DTKHEALTH); /v1/datasets + /entities/Task + /knowledge/; FULLY_GROUNDED/TASK_LINKED/KB_NOTED/ORPHANED; coverage-health bar; isDtkhealthQuery+buildDtkhealthScript wired in JarvisBrain.jsx; build exit 0
[2026-09-25] F91 InvestmentSwarmScenarioCoverage.jsx (ISSMAP) — Investment × SwarmJob × Scenario; /entities/Investment + /entities/SwarmJob + /v1/scenario/list; FULLY_DEPLOYED/SWARM_ACTIVE/SCENARIO_PLANNED/UNPROTECTED; red pulse badge on unprotected; isIssmapQuery+buildIssmapScript wired in JarvisBrain.jsx; mounted App.jsx; build exit 0
2026-09-25T13:19:01Z F92 ReportScenarioDatasetTriad.jsx built+pushed: /v1/reports × /v1/scenario/list × /v1/datasets; RSDAT panel; build exit 0
[2026-09-25] F93 SIPWCOV: Scenario × IntelProfile × Report Intelligence Coverage — ScenarioIntelReportCoverage.jsx created; mounted in App.jsx; isSipwcovQuery+buildSipwcovScript wired in JarvisBrain.jsx; build exit 0
2026-09-25 F94 TaskRiskReportCoverage.jsx: Task × RiskSignal × Report Operational Threat Coverage (TORTCOV) — FULLY_COVERED/RISK_FLAGGED/REPORT_BACKED/UNMONITORED classification; amber badge on unmonitored; expand → risk signal cards + report cards; ASSESS via /v1/jarvis/agent/chat + TTS; voice trigger tortcov; build verified exit 0
2026-09-25 F95 SwarmRiskKnowledgeReadiness.jsx created; /entities/SwarmJob × /entities/RiskSignal × /knowledge/ triple correlation; FULLY_PREPARED/RISK_AWARE/KB_BACKED/UNPREPARED; isSrkrrQuery+buildSrkrrScript wired in JarvisBrain.jsx; App.jsx mounted; build exit 0
[2026-09-25] F96 ContactGraphInfluenceExposure.jsx — Contact × Graph Centrality × IntelProfile CGINFEX panel; fetches /entities/Contact + /v1/graph/centrality + /entities/IntelProfile; FULLY_EXPOSED/GRAPH_LINKED/ACTOR_LINKED/CLEAR classification; wired in App.jsx + JarvisBrain.jsx; build exit 0
[2026-09-25] F97 DIASWAN — DatasetIntelSwarmNexus.jsx created; wired to App.jsx + JarvisBrain.jsx; /v1/datasets × /entities/IntelProfile × /entities/SwarmJob; build exit 0
[2026-09-25] F98 RICCOV: ReportInvestigationContactNexus.jsx created; /v1/reports × /v1/investigations × /entities/Contact; FULLY_LINKED/INV_TRACKED/CONTACT_ASSIGNED/UNASSIGNED classification; wired in App.jsx + JarvisBrain.jsx; build exit 0
2026-09-25 F99 InvestmentKnowledgeOpsFirm.jsx — Investment × Knowledge × Ops Event Financial Intelligence Readiness Monitor (IKOFIRM); wired in App.jsx + JarvisBrain.jsx; build exit 0
2026-09-25 F100 FSTRC FullSpectrumThreatCoverage.jsx — AIP Skill × IntelProfile × Ops Event × RiskSignal 4-source cross-reference; FULLY_COUNTERED/ACTOR_OPS/ACTOR_RISK/OPS_RISK/PARTIAL/DORMANT classification; mounted App.jsx; JarvisBrain.jsx wired; build exit 0
[2026-09-25 22:11 UTC] F101 GraphCommunityNetworkThreatIndex.jsx — Graph Community × Investigation × RiskSignal Network Threat Index (GCNITX); /v1/graph/communities × /v1/investigations × /entities/RiskSignal; TRIPLE_THREAT/INVESTIGATION_LINKED/RISK_FLAGGED/CLEAR; red pulse badge; filter tabs + search; ▶ ASSESS → agent/chat + TTS; isGcnitxQuery+buildGcnitxScript wired JarvisBrain; build exit 0
[2026-09-25] F102 KnowledgeThreatAwarenessCoverage.jsx: Knowledge x IntelProfile x SwarmJob Threat Awareness Coverage (KIPSWTA) — /knowledge/ x /entities/IntelProfile x /entities/SwarmJob; FULLY_CONTEXTUALIZED/ACTOR_AWARE/SWARM_SUPPORTED/ISOLATED; wired in App.jsx + JarvisBrain.jsx; build exit 0
[2026-09-26] F103 GraphNodeOperationalMesh.jsx — Graph Node × Task × Investigation Operational Mesh (GNTIOP); /v1/graph/centrality × /entities/Task × /v1/investigations; FULLY_ACTIVE/TASK_DRIVEN/INVESTIGATION_LINKED/DORMANT classification; red pulse badge on fully-active count; mesh coverage bar; filter tabs + search; expand node → task cards (teal) + investigation cards (blue) with relevance bars; ▶ ASSESS MESH → agent/chat + TTS; isGntiopQuery+buildGntiopScript wired JarvisBrain; build exit 0
2026-09-26 F104 ICTARC: new IntelActorResponseCoverage.jsx (IntelProfile x Contact x Task actor response coverage); mounted in App.jsx; isIctarcQuery+buildIctarcScript wired in JarvisBrain.jsx; build exit 0
2026-09-26T02:16:10Z F105 SSCEXE — ScenarioSwarmContactTriangle.jsx created; /v1/scenario/list × /entities/SwarmJob × /entities/Contact; FULLY_EXECUTABLE/SWARM_DEPLOYED/CONTACT_READY/INCOMPLETE; isSscexeQuery+buildSscexeScript wired; build exit 0; pushed jarvis-overnight
2026-09-26T03:18:06Z F106 TGKPULSE — TaskGraphKnowledgePulse.jsx created; /entities/Task x /v1/graph/centrality x /knowledge/; FULLY_INFORMED/GRAPH_LINKED/KB_BACKED/UNINFORMED; isTgkpulseQuery+buildTgkpulseScript wired; build exit 0; pushed jarvis-overnight
[2026-09-26] F107 OpsDatasetContactCoverage.jsx — Ops Event × Dataset × Contact Situational Response Coverage (ODCSRC); build exit 0; pushed to jarvis-overnight
2026-09-26 F108 KCOPPULS: KnowledgeContactOpsPulse.jsx — Knowledge × Contact × Ops Event Personnel Intelligence Pulse; FULLY_BRIEFED/KB_INFORMED/OPS_EXPOSED/UNINFORMED classification; mounted in App.jsx; wired in JarvisBrain.jsx; build exit 0
[2026-09-26] F109 IntelProfileDatasetKnowledgeCoverage.jsx (IDKTREP) — IntelProfile × Dataset × Knowledge Threat Intelligence Repository Coverage; /entities/IntelProfile + /v1/datasets + /knowledge/; FULLY_DOCUMENTED/DATA_LINKED/KB_NOTED/UNDOCUMENTED; build verified exit 0
2026-09-26T07:16:20Z F110 ScenarioRiskContactResponse.jsx — Scenario × RiskSignal × Contact Rapid Response Plan (SCRRP); new component + App.jsx mount + JarvisBrain.jsx voice wiring; build exit 0
[2026-09-26] F111 IOEFIP — InvestmentOpsKnowledgePulse.jsx: Investment × Ops Event × Knowledge Financial Intelligence Pulse; imported+mounted in App.jsx; wired JarvisBrain.jsx; build exit 0
[2026-09-26] F112 OICTRC: OpsEventIntelContactTracker.jsx created; /v1/ops/events × /entities/IntelProfile × /entities/Contact triple coverage; mounted in App.jsx; wired in JarvisBrain.jsx; build exit 0
2026-09-26 F113 GAKCIMAP — GraphAnnotationKnowledgeMap.jsx: parallel-fetches /v1/graph/annotations + /knowledge/ + /entities/IntelProfile; FULLY_CONTEXTUALIZED/KB_BACKED/ACTOR_TAGGED/UNCONTEXTUALIZED classification; wired in App.jsx + JarvisBrain.jsx; build exit 0
2026-09-26 F114 ALESCQ — SystemWideAlertEscalator.jsx: System-Wide Alert Escalation Queue; parallel-fetches /v1/jarvis/system/status + /entities/RiskSignal + /v1/ops/events + /v1/investigations; severity-sorted CRITICAL/HIGH/MEDIUM/INFO queue with SYSTEM/RISK/OPS/CASE badges; per-row ESC + global ASSESS ALL via /v1/jarvis/agent/chat + TTS; mounted in App.jsx; wired in JarvisBrain.jsx; build exit 0
2026-09-26 F115 RiskDataOpsTriad (RDOETRI): /entities/RiskSignal × /v1/datasets × /v1/ops/events → FULLY_GROUNDED/DATA_LINKED/OPS_LINKED/UNGROUNDED; new RiskDataOpsTriad.jsx; mounted App.jsx; wired JarvisBrain.jsx; build exit 0
2026-09-26 F116 IDKPULS: InvestigationDatasetKnowledgePulse.jsx created; /v1/investigations x /v1/datasets x /knowledge/ cross-ref; FULLY_RESOURCED/DATA_BACKED/KB_BACKED/BARE classification; mounted App.jsx; wired JarvisBrain.jsx; build exit 0
2026-09-26T14:17:58Z F117 CDIRMAT — ContactDatasetReportMatrix.jsx created; /entities/Contact × /v1/datasets × /v1/reports; FULLY_DOCUMENTED/DATA_LINKED/REPORT_BACKED/UNDOCUMENTED; mounted App.jsx; isCdirmatQuery+buildCdirmatScript wired JarvisBrain.jsx; build exit 0
2026-09-26T15:18:26Z F118 IGRNEX — InvestmentGraphReportNexus.jsx created; /entities/Investment × /v1/graph/centrality × /v1/reports; FULLY_TRACKED/GRAPH_LINKED/REPORT_BACKED/BLIND classification; amber badge on blind count; mounted App.jsx; isIgrnexQuery+buildIgrnexScript wired JarvisBrain.jsx; build verified exit 0
2026-09-26 F119 SJIRCIC — SwarmJob × IntelProfile × Report Counter-Intelligence Coverage: new SwarmIntelReportCoverage.jsx; mounted App.jsx; wired JarvisBrain.jsx; build exit 0
2026-09-26 F120 TRSCON — TaskReportScenarioCoverage.jsx created; /entities/Task × /v1/reports × /v1/scenario/list; FULLY_DOCUMENTED/REPORT_BACKED/SCENARIO_PLANNED/UNCOORDINATED; amber badge on uncoordinated; mounted App.jsx; isTrsconQuery+buildTrsconScript wired JarvisBrain.jsx; build verified exit 0
2026-09-26T18:16:56Z F121 ORSCORE — OperationalReadinessScore.jsx created; /v1/jarvis/system/status × /v1/cinematic/brain × /entities/SwarmJob × /entities/Task × /entities/RiskSignal; composite 0-100 readiness score with radar pentagon + ring + 5 sub-scores; mounted App.jsx; isOrscoreQuery+buildOrscoreScript wired JarvisBrain.jsx; build verified exit 0
[2026-09-26] F122 LiveIntelStreamHealth.jsx: parallel-fetches /functions/getLiveIntel + /v1/jarvis/system/status + /v1/cinematic/brain; LIVE/STALE/OFFLINE stream freshness grid + Stream Health Index 0–100; build exit 0
2026-09-26T20:19:30Z | F123 | PASS | GraphCommunityIntelScenarioMap.jsx (IPTCMAP) — graph communities × intel profiles × scenarios triple-source threat cluster classifier; BTN_LEFT=1011800 zIndex=185; isIptcmapQuery+buildIptcmapScript imported in JarvisBrain.jsx; mounted in App.jsx; build exit 0
[2026-09-26] F124 GAOSCOV — GraphAnnotationOpsSwarmCoverage.jsx created; /v1/graph/annotations × /v1/ops/events × /entities/SwarmJob; FULLY_OPERATIONAL/OPS_LINKED/SWARM_ACTIVE/DORMANT classification; isGaoscovQuery+buildGaoscovScript wired in JarvisBrain.jsx; mounted in App.jsx; build exit 0
[2026-09-26] F125 SCTROC — Cinematic Scene × Task × Report Operational Reality Check: new SceneTaskReportGrounding.jsx; parallel-fetches /v1/cinematic/scene/01..10 + /entities/Task + /v1/reports; FULLY_GROUNDED/TASK_ACTIVE/REPORT_BACKED/SPECULATIVE classification; mounted in App.jsx; isSctrocQuery+buildSctrocScript wired in JarvisBrain.jsx; build exit 0
[2026-09-26] F126 SVINMAP: SwarmJobInvestmentContactMap.jsx — SwarmJob × Investment × Contact Operational Finance Coverage; mounted App.jsx; wired JarvisBrain.jsx; build exit 0
[2026-09-27] F127 AIKIN: IntelActorImpactNexus.jsx — IntelProfile × Task × Investment × Knowledge 4-source actor impact nexus; FULL_IMPACT/HIGH_IMPACT/TRACKED/UNTRACKED; red pulse badge; AI brief+TTS; voice aikin/actor impact; build exit 0
[2026-09-27] F128 OINCM: OpsIncidentIntelMesh.jsx — Ops Event × Graph Centrality × Knowledge × Contact 4-source incident intelligence mesh; FULLY_MESHED/INTEL_LINKED/PARTIAL/ISOLATED; amber badge on isolated; AI brief+TTS; voice oincm/ops incident mesh; build exit 0
[2026-09-27] F129 DGOKGND — DatasetGraphOpsKnowledgeNexus.jsx: Dataset × Graph Annotation × Ops Event × Knowledge grounding nexus. New file created, mounted in App.jsx, wired in JarvisBrain.jsx. Build exit 0.
[2026-09-27] F130 SwarmScenarioReportKnowledgeDoc.jsx (SSRKMDOC): SwarmJob x Scenario x Report x Knowledge 4-source mission documentation coverage; amber badge undocumented; voice 'ssrkmdoc'; build exit 0
[2026-09-27] F131 COEGAN: ContactOpsGraphAttributionNetwork.jsx — Contact × Ops Event × Graph Annotation Incident Attribution Network; imported+mounted App.jsx; wired JarvisBrain.jsx; build exit 0
2026-09-27 F132 IntelActorFullMissionCoverage.jsx (FAMICOV) — IntelProfile × Task × Knowledge × Scenario full actor mission intelligence coverage; 4-class FULLY_TRACKED/DUAL_COVERED/SINGLE_TRACKED/UNTRACKED; wired App.jsx + JarvisBrain.jsx; build exit 0
[2026-09-27] F133 RKOITHEM: RiskSignalEvidenceMatrix.jsx created; wired App.jsx + JarvisBrain.jsx; build exit 0
2026-09-27T07:18:02Z F134 IRORFD — Investment x Report x Ops Event x RiskSignal Financial Risk Intel Dashboard; new InvestmentRiskIntelDashboard.jsx; mounted App.jsx; wired JarvisBrain.jsx; build exit 0
2026-09-27 F135 LICIMEX: LiveIntelMarketExposureTracker.jsx — Live Intel × Contact × Investment Market Exposure Tracker; parallel-fetches /functions/getLiveIntel + /entities/Contact + /entities/Investment; BOTH_EXPOSED/CONTACT_ONLY/INVESTMENT_ONLY/CLEAR classification; mounted App.jsx; wired JarvisBrain.jsx; build exit 0
[2026-09-27] F136 CSRPRI — Contact × Scenario × Report × Knowledge Personnel Readiness Index — ContactScenarioReportReadiness.jsx created; mounted App.jsx; wired JarvisBrain.jsx; build exit 0
[2026-09-27] F137 TGOKNEX: Task × Graph Annotations × Ops Event × Knowledge Operational Intelligence Nexus — TaskGraphOpsKnowledgeNexus.jsx created; imported+mounted in App.jsx; isTgoknexQuery+buildTgoknexScript wired in JarvisBrain.jsx; build verified exit 0
[2026-09-27] F138 AipSkillFullOpsCoverage.jsx — FOCOH (AIP Skill × Contact × Report × Ops Event Full Operational Coverage Hub); isFocohQuery+buildFocohScript wired in JarvisBrain.jsx; mounted in App.jsx; build verified exit 0
[2026-09-27] F139 ScenarioRiskSwarmContainment.jsx (STCIX): Scenario × RiskSignal × SwarmJob × IntelProfile Threat Containment Index; wired in JarvisBrain.jsx + App.jsx; build exit 0
[2026-09-27] F140 SCIAIP — Cinematic Scene × AIP Skill × RiskSignal Intelligence Coverage Map. SceneAipRiskCoverageMap.jsx created; mounted App.jsx; isSciaipQuery+buildSciaipScript wired JarvisBrain.jsx; vite build exit 0.
[2026-09-27] F141 SGODSAT: ScenarioCommOpsDataSaturation.jsx created; imported+mounted in App.jsx; isSgodsatQuery+buildSgodsatScript wired in JarvisBrain.jsx; build exit 0
[2026-09-27] F142 GraphCommunityKnowledgeIntelCoverage.jsx — Graph Community × Knowledge × IntelProfile Network Intelligence Coverage (GCKNIP); /v1/graph/communities + /knowledge/ + /entities/IntelProfile; FULLY_MAPPED/KB_BACKED/ACTOR_LINKED/UNMAPPED; imported+mounted App.jsx; isGcknipQuery+buildGcknipScript wired JarvisBrain.jsx; build exit 0
[2026-09-27] F143 TIKDOI — Task × IntelProfile × Dataset × Knowledge Operational Intelligence Coverage — TaskIntelDatasetKnowledgeCoverage.jsx created; imported+mounted in App.jsx; isTikdoiQuery+buildTikdoiScript wired in JarvisBrain.jsx; build exit 0
[2026-09-27] F144 CSOERM — ContactScenarioOpsRiskMatrix.jsx created; imported+mounted in App.jsx; isCsoermQuery+buildCsoermScript wired in JarvisBrain.jsx; build exit 0
[2026-09-27] F145 SOCDMAP — SwarmOpsCapacityMap.jsx created; SwarmJob × AIP Skill × Contact × Dataset Operational Capacity Map; imported+mounted in App.jsx; isSocdmapQuery+buildSocdmapScript wired in JarvisBrain.jsx; build exit 0
2026-09-27 F146 ISKFULL: Investigation × AIP Skill × Contact × Knowledge Full-Spectrum Coverage — InvestigationFullCoverage.jsx created; mounted in App.jsx; wired in JarvisBrain.jsx; build exit 0
2026-09-27 F147 DGORSIM: DatasetGraphOpsRiskSituationalMap.jsx created; Dataset x Graph Community x Ops Event x RiskSignal situational map; imported+mounted in App.jsx; isDgorsimQuery+buildDgorsimScript wired in JarvisBrain.jsx; build exit 0
[2026-09-27] F148 NDRATLAS: AIP Skill x Graph Community x Knowledge x RiskSignal Network Defense Readiness Atlas — AipSkillNetworkDefenseAtlas.jsx created, mounted in App.jsx, wired in JarvisBrain.jsx, build exit 0
2026-09-27 F149 ANEQUAD IntelActorNetworkExposure.jsx — IntelProfile × Graph Community × Report × Ops Event Actor Network Exposure Quadrant; build exit 0
[2026-09-27] F150 FORKN: Investment × SwarmJob × Scenario × RiskSignal Financial Operations Risk Nexus — new InvestmentOpsRiskNexus.jsx, mounted in App.jsx, isForknQuery+buildForknScript wired in JarvisBrain.jsx, build exit 0
[2026-09-28] F151 BASIR: Brain × AIP Skill Intelligence Ratio — BrainAipSkillRatio.jsx (pre-existing) imported+mounted in App.jsx; isBasirQuery+buildBasirScript wired in JarvisBrain.jsx; fetches /v1/cinematic/brain + /v1/aip/skill; B:S ratio SURPLUS/BALANCED/STRAINED/OVERLOADED; build exit 0
[2026-09-28] F152 OKRTRIC — OpsEventIntelCoverage.jsx: cross-references /v1/ops/events × /knowledge/ × /v1/reports; FULLY_DOCUMENTED/KB_BACKED/REPORT_COVERED/UNDOCUMENTED; amber badge; ▶ ASSESS; voice wired in JarvisBrain; build exit 0
2026-09-28 F153 SKTIMP SwarmMissionReadinessPulse.jsx — SwarmJob × Knowledge × Task × IntelProfile; FULLY_READY/DUAL_READY/SINGLE_LINKED/DARK; mounted App.jsx; wired JarvisBrain.jsx; build exit 0
[2026-09-28] F154 CGNIMAP ContactGraphIntelAlignmentMap.jsx — Contact × Graph Community × IntelProfile; FULLY_ALIGNED/COMMUNITY_LINKED/PROFILED_ONLY/ISOLATED; amber badge on isolated count; alignment coverage bar; ▶ ASSESS ALIGNMENT → /v1/jarvis/agent/chat + TTS; isCgnimapQuery+buildCgnimapScript wired JarvisBrain.jsx; jarvis:cgnimap-toggle; mounted App.jsx; build exit 0
2026-09-28 04:11 UTC | F155 ICKNEX | InvestmentContactKnowledgeNexus.jsx created; mounted in App.jsx; isIcknexQuery+buildIcknexScript wired in JarvisBrain.jsx; vite build exit 0
[2026-09-28] F156 Task × Risk Signal × IntelProfile Threat Coverage Matrix (TRICM): TaskRiskIntelCoverageMatrix.jsx created; imported+mounted in App.jsx; isTricmQuery+buildTricmScript wired in JarvisBrain.jsx; build verified exit 0
[2026-09-28] F157 SWEDAT SwarmScenarioDataTriad.jsx — SwarmJob × Scenario × Dataset; FULLY_SUPPORTED/SCENARIO_DRIVEN/DATA_BACKED/UNSUPPORTED; amber badge on unsupported count; support coverage bar; ▶ ASSESS EXECUTION → /v1/jarvis/agent/chat + TTS; isSwedatQuery+buildSwedatScript wired JarvisBrain.jsx; jarvis:swedat-toggle; mounted App.jsx; build exit 0
2026-09-28 F158 LIFRISK — LiveIntelInvestmentRisk.jsx: /functions/getLiveIntel × /entities/Investment × /entities/RiskSignal financial threat pulse; THREAT_FLAGGED/MARKET_VOLATILE/RISK_MONITORED/STABLE classification; red badge; AI exposure brief + TTS; build exit 0
2026-09-28 F159 STCKORG: Scenario×Task×Contact×Knowledge Operational Readiness Grid — ScenarioTaskContactKnowledgeGrid.jsx created; imported+mounted in App.jsx; isStckorgQuery+buildStckorgScript wired in JarvisBrain.jsx; build verified exit 0
[2026-09-28] F150 SwarmMissionCommandCoverage.jsx (MCOCOV) — SwarmJob×Investigation×RiskSignal×Contact Mission Command Coverage; build exit 0; pushed to jarvis-overnight
[2026-09-28] F160 RiskTaskInvestigationCoverage (RTSICM): /entities/RiskSignal × /entities/Task × /v1/investigations → FULLY_MANAGED/TASK_ONLY/INVESTIGATED/UNMITIGATED; red badge on unmitigated; expand drill-down; AI assess + TTS; build verified exit 0
2026-09-28T14:17:20Z [F161] OpsContactTaskMap.jsx — Ops Events × Contact × Task Command Responsibility Map (OTCCM); wired isOtccmQuery+buildOtccmScript in JarvisBrain.jsx; mounted in App.jsx; build exit 0
[2026-09-28] F162 KOGSYNC: KnowledgeOpsCommunitySyncMap.jsx created; wired in JarvisBrain.jsx + App.jsx; build exit 0
[2026-09-28] F163 ISCDRIM: Investigation × Scenario × Contact × Dataset Full Intelligence Readiness Matrix — new InvestigationReadinessMatrix.jsx; wired App.jsx + JarvisBrain.jsx; build exit 0
2026-09-28 F164 OSIGSM — AIP Skill × Graph Centrality × Ops Event Operational Signal Mesh: new AipSkillGraphOpsSignalMesh.jsx created; imported+mounted in App.jsx; isOsigsmQuery+buildOsigsmScript wired in JarvisBrain.jsx; build verified exit 0
2026-09-28 F165 CGRIMAP: Graph Community × Report × Investigation Intelligence Documentation Map — new CommunityIntelDocMap.jsx; imported+mounted in App.jsx; isCgrimapQuery+buildCgrimapScript wired in JarvisBrain.jsx; build verified exit 0
2026-09-28 F166 PERCOV — PersonnelResponseCoverage.jsx: /entities/Contact × /v1/ops/events × /entities/RiskSignal personnel response coverage; FULLY_ENGAGED/OPS_RESPONDING/RISK_EXPOSED/UNENGAGED classification; amber badge; AI response brief + TTS; build exit 0
2026-09-28 F167 DataScienceNexus.jsx — Dataset × AIP Skill × Investigation DSINEX panel; isDsinexQuery+buildDsinexScript wired in JarvisBrain.jsx; build exit 0
2026-09-28 F168 InvestmentScenarioKnowledgeNexus.jsx — /entities/Investment × /v1/scenario/list × /knowledge/ → ISKPIN portfolio intelligence nexus; build exit 0
2026-09-28 F169 IntelActorScenarioRiskNexus.jsx — /entities/IntelProfile × /v1/scenario/list × /entities/RiskSignal → ATHNEX actor threat nexus; FULLY_TRACKED/SCENARIO_MAPPED/RISK_MONITORED/UNTRACKED; red badge on untracked; AI brief + TTS; build exit 0
[2026-09-28] F170 SwarmMissionIntelNet.jsx — SwarmJob × Graph Community × Knowledge × Contact SMICNET panel; isSmicnetQuery+buildSmicnetScript wired in JarvisBrain.jsx; build exit 0
2026-09-29 F171 TaskKnowledgeCommunityMap (TKGM): Task×Knowledge×GraphCommunity guidance classifier; /entities/Task+/knowledge/+/v1/graph/communities; FULLY_GUIDED/KB_ONLY/COMMUNITY_ONLY/UNGUIDED; build exit 0
2026-09-29 F172 OPRIDX — Ops Event × Knowledge × RiskSignal Operational Readiness Index; new OpsReadinessIndex.jsx; imported+mounted in App.jsx; isOpridxQuery+buildOpridxScript wired in JarvisBrain.jsx; build verified exit 0
2026-09-29 F173 InvestigationFullStackCoverage.jsx — Investigation × Contact × Dataset × RiskSignal Full-Stack Operations Coverage (FSOPS); build verified exit 0; pushed to jarvis-overnight
[2026-09-29] F174 ScenarioMissionIntelGrid.jsx — Scenario × Knowledge × Contact × SwarmJob Mission Intelligence Grid (MKCSIG); BTN_LEFT=1039800, Z_INDEX=235; endpoints: /v1/scenario/list + /knowledge/ + /entities/Contact + /entities/SwarmJob; isMkcsigQuery+buildMkcsigScript wired in JarvisBrain.jsx; build exit 0
2026-09-29 F175 JINSCORE — JarvisIntelNexusScore.jsx: composite JINS score (6 dimensions: system/brain/threat/skill/cases/knowledge) + hex radar + TTS; mounted App.jsx; JarvisBrain wired; build exit 0
2026-09-29 F176 ARICP — AipSkillReportInvestigationPulse.jsx: AIP Skill × Report × Investigation Coverage Pulse; /v1/aip/skill + /v1/reports + /v1/investigations; FULLY_COVERED/REPORT_ONLY/INVESTIGATED/UNCOVERED; isAricpQuery+buildAricpScript wired in JarvisBrain.jsx; build exit 0
2026-09-29 F177 ActorIntelPreparednessMap.jsx — Scenario×IntelProfile×Knowledge AIPMAP; isAipmapQuery+buildAipmapScript wired in JarvisBrain.jsx; imported+mounted in App.jsx; build exit 0
2026-09-29 F178 InvestmentKnowledgeRiskMap.jsx — Investment × Knowledge × RiskSignal Portfolio Risk Intelligence Map (IKRIMAP); BTN_LEFT=1042040, Z_INDEX=239; endpoints: /entities/Investment + /knowledge/ + /entities/RiskSignal; isIkrimapQuery+buildIkrimapScript wired in JarvisBrain.jsx; imported+mounted in App.jsx; build exit 0
[2026-09-29 08:11 UTC] F179 SRIMAP — Swarm × Report × IntelProfile Active Operations Intelligence Map; new SwarmReportIntelMap.jsx; mounted in App.jsx; isSrimapQuery+buildSrimapScript wired in JarvisBrain.jsx; build exit 0
2026-09-29 F180 COSIA — Contact × Ops Event × SwarmJob × Investigation Full Accountability Matrix: new ContactOpsSwarmInvestigationMatrix.jsx; imported+mounted in App.jsx; isCosiaQuery+buildCosiaScript wired in JarvisBrain.jsx; build verified exit 0
2026-09-29 F181 TMICKI — Task × IntelProfile × Scenario × Knowledge Mission Intelligence Completeness Index: new TaskIntelScenarioKnowledgeIndex.jsx; imported+mounted in App.jsx; isTmickiQuery+buildTmickiScript wired in JarvisBrain.jsx; build verified exit 0
2026-09-29 F182 ODREM — Dataset × Ops Event × RiskSignal Operational Data Risk Exposure Map: new DatasetOpsRiskExposureMap.jsx; imported+mounted in App.jsx; isOdremQuery+buildOdremScript wired in JarvisBrain.jsx; build verified exit 0
[2026-09-29] F183 ThreatContextReadinessMap.jsx — IntelProfile×Knowledge×Ops Event TCRMAP; build exit 0; imported+mounted in App.jsx; isTcrmapQuery+buildTcrmapScript wired in JarvisBrain.jsx
[2026-09-29] F184 RiskSignalDatasetInvestigationTriage.jsx (RSDITRI) — /entities/RiskSignal x /v1/datasets x /v1/investigations triage map; build exit 0
[2026-09-29 15:09 UTC] F185 TSRMAP — ThreatScenarioReadinessMap.jsx created; Scenario×IntelProfile×RiskSignal readiness correlation; mounted App.jsx; JarvisBrain wired isTsrmapQuery+buildTsrmapScript; build exit 0
[2026-09-29] F186 SwarmScenarioKnowledgeCoverage.jsx (AMCOV) — /entities/SwarmJob x /v1/scenario/list x /knowledge/ autonomous mission coverage; build exit 0
[2026-09-29] F187 TaskDatasetIntelProfileMap.jsx (TDIPMAP) — /entities/Task x /v1/datasets x /entities/IntelProfile intelligence task coverage; mounted App.jsx; JarvisBrain wired isTdipmapQuery+buildTdipmapScript; build exit 0
2026-09-29 F188 ContactPersonnelReadinessMap.jsx — Contact × Knowledge × Scenario Personnel Readiness Map (CPRSMAP); /entities/Contact × /knowledge/ × /v1/scenario/list; FULLY_READY/KB_INFORMED/SCENARIO_ASSIGNED/UNREADY classification; amber badge; filter tabs; expand contact → KB+scenario cards; ASSESS READINESS → /v1/jarvis/agent/chat + TTS; voice "cprsmap/personnel readiness"; build exit 0
[2026-09-29] F189 GDINEX — Graph Community × Dataset × Investigation Data Intelligence Coverage Nexus; new GraphDatasetInvestigationNexus.jsx; mounted in App.jsx; isGdinexQuery+buildGdinexScript wired in JarvisBrain.jsx; build verified exit 0
2026-09-29 | F190 | InvestmentScenarioRiskMap.jsx | Investment × Scenario × RiskSignal Portfolio Risk Strategy Map (PRSMAP) | new component created, mounted in App.jsx, isPrsmapQuery+buildPrsmapScript wired in JarvisBrain.jsx | build verified exit 0
2026-09-29 F191 WorldThreatClusterMap (WTCMAP) — Live Intel × Graph Community × RiskSignal world threat cluster map; new WorldThreatClusterMap.jsx; wired App.jsx + JarvisBrain.jsx; build exit 0; pushed jarvis-overnight
[2026-09-29] F192 GraphCommunityMissionDensity.jsx — Graph Community × Task × SwarmJob Mission Density Heatmap (MDHEAT); build exit 0
[2026-09-29 22:11 UTC] F193 WorkforceActivityMatrix.jsx — Contact × SwarmJob × Task WFACT panel; mounted App.jsx; wired JarvisBrain.jsx; build exit 0
[2026-09-29 23:18 UTC] F194 MissionBriefingCoverage.jsx — IntelProfile × Task × Report MTRBCOV panel; mounted App.jsx; wired JarvisBrain.jsx; build exit 0
[2026-09-30] F195 KOECP Knowledge × Ops Event × RiskSignal Intel Context Coverage Pulse — KnowledgeOpsEventContextPulse.jsx created; mounted in App.jsx; isKoecpQuery+buildKoecpScript wired in JarvisBrain.jsx; build verified exit 0
[2026-09-30] F196 GADEVA: GraphAnnotationDataEvidenceAtlas.jsx created; correlates /v1/graph/annotations × /v1/datasets × /v1/investigations; FULLY_EVIDENCED/DATASET_LINKED/INVESTIGATION_LINKED/UNEVIDENCED classification; wired in App.jsx + JarvisBrain.jsx; build exit 0
[2026-09-30] F197 OCTATM: OpsEventContactTaskMatrix.jsx created; correlates /v1/ops/events × /entities/Contact × /entities/Task; FULLY_ATTRIBUTED/CONTACT_OWNED/TASK_DRIVEN/UNATTRIBUTED classification; wired in App.jsx + JarvisBrain.jsx; build exit 0
[2026-09-30] F198 IntelProfileDatasetOpsNexus (IDENEX): IntelProfile × Dataset × Ops Event Intelligence Evidence Nexus — new IntelProfileDatasetOpsNexus.jsx; mounted in App.jsx; isIdenexQuery+buildIdenexScript wired in JarvisBrain.jsx; build exit 0
2026-09-30 F199 RiskSwarmKnowledgeResponseMap.jsx — RiskSignal×SwarmJob×Knowledge ARSRMAP — parallel-fetches /entities/RiskSignal+/entities/SwarmJob+/knowledge/; FULLY_COVERED/SWARM_ACTIVE/KNOWLEDGE_GUIDED/EXPOSED classification; mounted App.jsx; isArsrmapQuery+buildArsrmapScript wired JarvisBrain.jsx; build exit 0
[2026-09-30] F200 GASCRIN — Graph Annotation × Scenario × Contact Intelligence Readiness Nexus: new GraphAnnotationScenarioContactNexus.jsx; mounted in App.jsx; isGascrinQuery+buildGascrinScript wired in JarvisBrain.jsx; build exit 0
[2026-09-30] F201 PIKMAP: Investment × Knowledge × Report Portfolio Intelligence Coverage Map — new PortfolioIntelCoverageMap.jsx; imported+mounted in App.jsx; isPikmapQuery+buildPikmapScript wired in JarvisBrain.jsx; build verified exit 0
[2026-09-30] F202 OASRMAP: Ops Event × AIP Skill × Report Operational Response Coverage — new OpsEventAipSkillReportMap.jsx; imported+mounted in App.jsx; isOasrmapQuery+buildOasrmapScript wired in JarvisBrain.jsx; build verified exit 0
2026-09-30 F203 ContactDatasetOpsNetwork (CODIN): Contact × Dataset × Ops Event Operational Intelligence Network — new component, App.jsx mount, JarvisBrain voice wiring, build exit 0
2026-09-30 F204 CRSKPOI: Contact × Report × Scenario × Knowledge Personnel Operational Intelligence Map — new ContactReportScenarioKnowledgeMap.jsx; imported+mounted in App.jsx; isCrskpoiQuery+buildCrskpoiScript wired in JarvisBrain.jsx; build verified exit 0
[2026-09-30] F205 ThreatActorResponseGrid (TARG): IntelProfile x OpsEvent x Scenario; FULLY_ENGAGED/OPS_ACTIVE/SCENARIO_PLANNED/UNENGAGED; new ThreatActorResponseGrid.jsx; mounted App.jsx; isTargQuery+buildTargScript wired JarvisBrain.jsx; build exit 0
[2026-09-30] F206 DefensivePlaybookCoverageIndex.jsx: RiskSignal x KB x Scenario x SwarmJob DPCI; build exit 0; pushed to jarvis-overnight
2026-09-30T12:17:51Z F207 LiveIntelAipScenarioReadiness.jsx — Live Intel x AIP Skill x Scenario LTASORP panel; parallel-fetches /functions/getLiveIntel+/v1/aip/skill+/v1/scenario/list; SKILL_AND_SCENARIO/SKILL_ONLY/SCENARIO_ONLY/UNADDRESSED classification; readiness%, coverage bar, AI assess, TTS; wired in App.jsx+JarvisBrain.jsx; build exit 0
2026-09-30 F208 SwarmJobRiskSignalReportOrchestrator (ASTRO) — /entities/SwarmJob × /entities/RiskSignal × /v1/reports; FULLY_ORCHESTRATED/SIGNAL_ACTIVE/REPORT_BACKED/IDLE; isAstroQuery+buildAstroScript wired; build exit 0
2026-09-30 F209 SPIAM Task×Investment×RiskSignal Strategic Priority Alignment Map: TaskInvestmentRiskAlignmentMap.jsx created, imported+mounted in App.jsx, isSpiamQuery+buildSpiamScript wired in JarvisBrain.jsx, build exit 0
2026-09-30 F210 DICNEX Dataset×Contact×IntelProfile Data Intelligence Coverage Nexus: DatasetContactIntelProfileNexus.jsx created, imported+mounted in App.jsx, isDicnexQuery+buildDicnexScript wired in JarvisBrain.jsx, build exit 0
2026-09-30 F211 MIDOSS Scenario×IntelProfile×Report Mission Intelligence Dossier: ScenarioIntelReportDossier.jsx created, imported+mounted in App.jsx, isMidossQuery+buildMidossScript wired in JarvisBrain.jsx, build exit 0
2026-09-30 F212 STICNEX Knowledge×Task×Investment Strategic Intelligence Coverage Nexus: StrategicIntelCoverageNexus.jsx created, imported+mounted in App.jsx, isSticnexQuery+buildSticnexScript wired in JarvisBrain.jsx, build exit 0
[2026-09-30] F213 ThreatFinanceNexus.jsx — Ops Event x Investment x IntelProfile Threat Finance Nexus; build exit 0; pushed to jarvis-overnight
[2026-09-30] F214 AIOMAP — SwarmJob × AIP Skill × IntelProfile Autonomous Intelligence Operations Map; AutonomousIntelOpsMap.jsx created; mounted in App.jsx; wired in JarvisBrain.jsx; build exit 0
[2026-09-30] F215 Graph Annotation × RiskSignal × IntelProfile Risk Attribution Nexus (ARBNEX): new GraphAnnotationRiskIntelNexus.jsx; parallel-fetches /v1/graph/annotations+/entities/RiskSignal+/entities/IntelProfile; classifies THREAT_ATTRIBUTED/RISK_ONLY/ACTOR_ONLY/UNATTRIBUTED; BTN_LEFT=1062760 Z_INDEX=276; wired in App.jsx + JarvisBrain.jsx; build exit 0
[2026-09-30] F216 Task × Report × Knowledge Action Intelligence Readiness Map (TRKARM): new TaskReportKnowledgeReadiness.jsx; parallel-fetches /entities/Task+/v1/reports+/knowledge/; classifies FULLY_INFORMED/REPORT_ONLY/KNOWLEDGE_ONLY/BLIND; BTN_LEFT=1063320 Z_INDEX=277; wired in App.jsx + JarvisBrain.jsx; build exit 0
2026-09-30 F217 IGCAIM — Investigation × Graph Community × AIP Skill Network Intelligence Coverage Map; InvestigationNetworkCoverageMap.jsx; wired in App.jsx + JarvisBrain.jsx; build exit 0
[2026-09-30] F218 COEDRN — Contact × Ops Event × Dataset × RiskSignal Operational Exposure Nexus — ContactOpsDataRiskNexus.jsx created; imported+mounted in App.jsx; isCoedrnQuery+buildCoedrnScript wired in JarvisBrain.jsx; build verified exit 0
2026-10-01 F219 SACMAP — Investment×Knowledge×Task×SwarmJob Strategic Autonomy Coverage Map; new InvestmentKnowledgeTaskSwarmMap.jsx; mounted in App.jsx; isSacmapQuery+buildSacmapScript wired in JarvisBrain.jsx; build exit 0
2026-10-01 F220 SRTMEC — Scenario × Report × Task Mission Execution Coverage Map: new ScenarioReportTaskMissionMap.jsx; imported+mounted in App.jsx; isSrtmecQuery+buildSrtmecScript wired in JarvisBrain.jsx; build verified exit 0
[2026-10-01] F221 ThreatActorActivityMonitor.jsx — IntelProfile×OpsEvent×Knowledge TAAM; isTaamQuery+buildTaamScript wired in JarvisBrain.jsx; build exit 0
[2026-10-01] F222 ContactGraphIntelMap.jsx — Contact×GraphCommunity×IntelProfile NCAIM; isNcaimQuery+buildNcaimScript wired in JarvisBrain.jsx; build exit 0
2026-10-01 F223 MDIRS — AipSkillReportKnowledgeReadiness.jsx created; /v1/aip/skill × /v1/reports × /knowledge/ cross-ref; isMdirsQuery+buildMdirsScript wired in JarvisBrain.jsx; mounted in App.jsx; build verified exit 0
[2026-10-01] F224 OpsEventIntegratedResponseMap.jsx — Ops Event × Contact × Investment × Scenario IRCMAP; build exit 0
[2026-10-01] F225 KnowledgeRiskScenarioDefMap.jsx — Knowledge×RiskSignal×Scenario KRSDEF; isKrsdefQuery+buildKrsdefScript wired in JarvisBrain.jsx; build exit 0
[2026-10-01] F226 OperationalMeshCoverageMap.jsx (OMCMAP): Task × Graph Community × SwarmJob operational mesh coverage map; FULLY_MESHED/COMMUNITY_BACKED/SWARM_DRIVEN/ISOLATED classification; wired in App.jsx + JarvisBrain.jsx; build exit 0
[2026-10-01] F227 DGKIMAP: Dataset × Graph Community × Knowledge × Investigation Coverage Intelligence Map — new DatasetGraphIntelMap.jsx; mounted in App.jsx; voice-wired in JarvisBrain.jsx; build exit 0
[2026-10-01] F228 OCASAM — Ops Event × Contact × Knowledge Situational Awareness Map: new OpsEventContactKnowledgeMap.jsx; imported+mounted in App.jsx; isOcasamQuery+buildOcasamScript wired in JarvisBrain.jsx; build verified exit 0
[2026-10-01] F229 WorldEventThreatMatrix.jsx — Live Intel x Scenario x RiskSignal WETMAT; parallel-fetches /functions/getLiveIntel+/v1/scenario/list+/entities/RiskSignal; DUAL_THREAT/RISK_ESCALATION/SCENARIO_PLANNED/BACKGROUND classification; imported+mounted in App.jsx; wired in JarvisBrain.jsx; build exit 0
[2026-10-01] F230 DARINEX — Dataset × AIP Skill × Report Intelligence Automation Nexus: new DatasetSkillReportNexus.jsx; parallel-fetches /v1/datasets+/v1/aip/skill+/v1/reports; FULLY_AUTOMATED/SKILL_ONLY/REPORTED_ONLY/UNMAPPED classification; amber badge on unmapped; imported+mounted in App.jsx; isDarinexQuery+buildDarinexScript wired in JarvisBrain.jsx; build verified exit 0
[2026-10-01] F231 CKOEAB — Contact × Knowledge × Ops Event Situational Awareness Bridge: new ContactKnowledgeOpsAwarenessBridge.jsx; parallel-fetches /entities/Contact+/knowledge/+/v1/ops/events; FULLY_AWARE/KNOWLEDGE_LINKED/EVENT_EXPOSED/UNAWARE classification; imported+mounted in App.jsx; isCkoeabQuery+buildCkoeabScript wired in JarvisBrain.jsx; build verified exit 0
2026-10-01 F232 ITICMAP: IntelProfileTaskInvestigationMatrix.jsx created; mounted in App.jsx; isIticmapQuery+buildIticmapScript wired in JarvisBrain.jsx; build exit 0
[2026-10-01] F233 ORCNEX: Task × Knowledge × AIP Skill Operational Readiness Coverage Nexus — TaskKnowledgeSkillNexus.jsx created; imported+mounted in App.jsx; isOrcnexQuery+buildOrcnexScript wired in JarvisBrain.jsx; build verified exit 0
[2026-10-01] F234 TDRMAP: IntelProfile × Dataset × Scenario Threat Data Readiness Map — new IntelProfileDataScenarioMap.jsx; parallel-fetches /entities/IntelProfile+/v1/datasets+/v1/scenario/list; FULLY_MAPPED/DATA_GROUNDED/SCENARIO_BACKED/DARK classification; imported+mounted in App.jsx; isTdrmapQuery+buildTdrmapScript wired in JarvisBrain.jsx; build verified exit 0
[2026-10-01] F235 SwarmReportScenarioNexus.jsx — SwarmJob × Report × Scenario Mission Coverage Nexus (SMRNEX); /entities/SwarmJob + /v1/reports + /v1/scenario/list; FULLY_COVERED/REPORTED_ONLY/SCENARIO_ONLY/DARK; amber badge on DARK; ▶ ASSESS + TTS; voice: smrnex/swarm mission; build exit 0
[2026-10-01] F236 DONE — GraphAnnotationSkillContactBridge.jsx (GACCOV); parallel-fetches /v1/graph/annotations + /v1/aip/skill + /entities/Contact; 4-class FULLY_COVERED/SKILL_ONLY/CONTACT_LINKED/UNCHARTED; imported+mounted in App.jsx; isGaccovQuery+buildGaccovScript wired in JarvisBrain.jsx; build verified exit 0
2026-10-01 F237 IRCNEX: IntelProfileResponseNexus.jsx — Intel Profile × Contact × Investigation × Ops Event Response Nexus; build exit 0
2026-10-01 F238 TMINEX RiskSignalMitigationNexus.jsx — RiskSignal×Knowledge×Contact×Dataset mitigation nexus; BTN_LEFT=1074520, zIndex=297; classifies FULLY_MITIGATED/DUAL_COVERED/SINGLE_LINKED/UNMITIGATED; build exit 0
[2026-10-01] F239 TaskSwarmInvestmentResourceNexus.jsx — Task×SwarmJob×Investment resource classification (FULLY_RESOURCED/SWARM_ONLY/FUNDED_ONLY/UNFUNDED); ◈ TRPIN button; isTrpinQuery+buildTrpinScript wired in JarvisBrain.jsx; build exit 0
[2026-10-01] F240 OpsSkillContactAlignment (OASALIGN): new OpsSkillContactAlignment.jsx; parallel-fetches /v1/ops/events+/v1/aip/skill+/entities/Contact; FULLY_ALIGNED/SKILL_ONLY/CONTACT_ONLY/UNALIGNED classification; wired App.jsx+JarvisBrain.jsx; build exit 0; pushed to jarvis-overnight
[2026-10-01] F241 SwarmIntelReportNexus (IPASSESS): SwarmJob x IntelProfile x Report intelligence production assessment; build exit 0; pushed to jarvis-overnight
2026-10-01 F242 Investigation × Scenario × Knowledge Intelligence Response Nexus (ISKRNEX): new InvestigationScenarioKnowledgeNexus.jsx; wired isIskrnexQuery+buildIskrnexScript into JarvisBrain.jsx; parallel-fetches /v1/investigations × /v1/scenario/list × /knowledge/; FULLY_COVERED/SCENARIO_ONLY/KB_ONLY/UNCOVERED classification; build verified exit 0.
[2026-10-02] F243 ThreatResponseMesh: new ThreatResponseMesh.jsx; /entities/RiskSignal x /entities/Contact x /v1/scenario/list; FULLY_COVERED/CONTACT_ONLY/SCENARIO_ONLY/UNCOVERED; red badge; jarvis:trmesh-toggle; isTrmeshQuery+buildTrmeshScript wired; build verified exit 0
[2026-10-02] F244 DRASCOV — DatasetReportSkillRiskCoverage.jsx: Dataset × Report × AIP Skill × RiskSignal Intelligence Production Coverage; isDrascovQuery+buildDrascovScript wired in JarvisBrain; build exit 0
[2026-10-02] F245 IPOESTR — IntelProfileOpsThreatTracker.jsx: IntelProfile × Ops Event × Scenario Active Threat Tracking; isIpoestRQuery+buildIpoestRScript wired in JarvisBrain; parallel-fetches /entities/IntelProfile × /v1/ops/events × /v1/scenario/list; FULLY_TRACKED/EVENT_ONLY/SCENARIO_ONLY/DARK; red badge; jarvis:ipoestr-toggle; build verified exit 0
[2026-10-02] F246 TaskReportInvestigationClosure (TROCAS): Task × Report × Investigation Operational Closure Assessment; /entities/Task × /v1/reports × /v1/investigations; CLOSED_OUT/REPORTED_ONLY/INVESTIGATED_ONLY/OPEN_LOOP; amber badge; assess via /v1/jarvis/agent/chat + TTS; build exit 0
[2026-10-02] F247 FRACMAP — Ops Alert × Graph Community × Investment Financial Risk Alert Map — OpsAlertCommunityInvestmentMap.jsx; /v1/ops/alerts × /v1/graph/communities × /entities/Investment; build exit 0
[2026-10-02] F248 KOATRAC — KnowledgeOpsAlertSkillCoverage.jsx: Knowledge × Ops Alert × AIP Skill Threat-Response Automation Coverage; /knowledge/ × /v1/ops/alerts × /v1/aip/skill; FULLY_AUTOMATED/ALERT_TRIGGERED/SKILL_BACKED/PASSIVE; isKoatracQuery+buildKoatracScript wired in JarvisBrain; build exit 0
[2026-10-02] F249 RSIRIX — RiskSignalSkillInvestigationIndex.jsx: /entities/RiskSignal × /v1/aip/skill × /v1/investigations; FULLY_ADDRESSED/AUTOMATED_ONLY/INVESTIGATED_ONLY/UNADDRESSED classification; pulse badge on UNADDRESSED; wired JarvisBrain+App.jsx; build exit 0
[2026-10-02] F250 CSDCOV — ContactScenarioDatasetCoverage.jsx: Contact × Scenario × Dataset Operational Intelligence Coverage; /entities/Contact × /v1/scenario/list × /v1/datasets; FULLY_COVERED/SCENARIO_ONLY/DATASET_ONLY/UNCOVERED classification; amber badge on UNCOVERED; isCsdcovQuery+buildCsdcovScript wired in JarvisBrain+App.jsx; build exit 0
[2026-10-02] F251 SCKNEX — SwarmContactKnowledgeNexus.jsx: SwarmJob × Contact × Knowledge Capability Readiness Nexus; /entities/SwarmJob × /entities/Contact × /knowledge/; FULLY_READY/CONTACT_ONLY/KB_ONLY/UNREADY classification; red badge on UNREADY; readiness coverage bar; isScknexQuery+buildScknexScript wired in JarvisBrain+App.jsx; build exit 0
2026-10-02 F252 TFSCOV: Investment × Scenario × IntelProfile Threat-Funded Scenario Coverage — new InvestmentScenarioIntelCoverage.jsx; mounted in App.jsx; isTfscovQuery+buildTfscovScript wired in JarvisBrain.jsx; build exit 0
2026-10-02 F253 OKRSRI: Ops Events × Knowledge × Scenario Response Readiness Index — new OpsEventKnowledgeScenarioReadiness.jsx; mounted in App.jsx; isOkrsriQuery+buildOkrsriScript wired in JarvisBrain.jsx; build exit 0
[2026-10-02] F254 AipSkillGraphDatasetSaturation (AGDSIX): new component AipSkillGraphDatasetSaturation.jsx; /v1/aip/skill × /v1/graph/communities × /v1/datasets; FULLY_SATURATED/COMMUNITY_LINKED/DATASET_BACKED/UNSATURATED; imported+mounted in App.jsx; isAgdsixQuery+buildAgdsixScript wired in JarvisBrain.jsx; build exit 0
[2026-10-02] F255 GIOCNEX — GraphCommunityInvestmentOpsNexus.jsx: Graph Community × Investment × Ops Event Coverage Nexus; /v1/graph/communities × /entities/Investment × /v1/ops/events; FULLY_COVERED/INVESTMENT_ALIGNED/EVENT_DRIVEN/UNCOVERED classification; amber badge on UNCOVERED; isGiocnexQuery+buildGiocnexScript wired in JarvisBrain+App.jsx; build exit 0
[2026-10-02] F256 TIPREX: Task × IntelProfile × Report Intelligence Closure Review — new TaskIntelReportClosure.jsx; /entities/Task × /entities/IntelProfile × /v1/reports; FULLY_CLOSED/REPORTED_ONLY/PROFILED_ONLY/OPEN_LOOP classification; red pulse on OPEN_LOOP; isTiprexQuery+buildTiprexScript wired in JarvisBrain+App.jsx; build exit 0
[2026-10-02] F257 TEIXREV — SwarmRiskKnowledgeThreatReview.jsx created; mounted App.jsx; JarvisBrain wired isTeixrevQuery+buildTeixrevScript; build exit 0
[2026-10-02] F258 Graph Node × Contact × Task Operational Coverage (GNOCOV): new GraphNodeOperationalCoverage.jsx; imported+mounted in App.jsx; isGnocovQuery+buildGnocovScript wired in JarvisBrain.jsx; build verified exit 0
